This is pdfTeX, Version 3.141592653-2.6-1.40.29 (TeX Live 2026) (preloaded format=pdflatex 2026.3.13)  17 MAY 2026 21:53
entering extended mode
 restricted \write18 enabled.
 %&-line parsing enabled.
**master.tex
(./master.tex
LaTeX2e <2025-11-01>
L3 programming layer <2026-01-19>
(/usr/local/texlive/2026basic/texmf-dist/tex/latex/extsizes/extarticle.cls
Document Class: extarticle 1996/10/08 v1.0 Non Standard LaTeX document class
(/usr/local/texlive/2026basic/texmf-dist/tex/latex/extsizes/size9.clo
File: size9.clo 1999/11/11 v1.4a NON-Standard LaTeX file (size option)
)
(/usr/local/texlive/2026basic/texmf-dist/tex/latex/base/exscale.sty
Package: exscale 2025/06/05 v2.1i Standard LaTeX package exscale
LaTeX Font Info:    Redeclaring symbol font `largesymbols' on input line 57.
LaTeX Font Info:    Overwriting symbol font `largesymbols' in version `normal'
(Font)                  OMX/cmex/m/n --> OMX/cmex/m/n on input line 57.
LaTeX Font Info:    Overwriting symbol font `largesymbols' in version `bold'
(Font)                  OMX/cmex/m/n --> OMX/cmex/m/n on input line 57.
\big@size=\dimen148
)
\c@part=\count275
\c@section=\count276
\c@subsection=\count277
\c@subsubsection=\count278
\c@paragraph=\count279
\c@subparagraph=\count280
\c@figure=\count281
\c@table=\count282
\abovecaptionskip=\skip49
\belowcaptionskip=\skip50
\bibindent=\dimen149
)
(/usr/local/texlive/2026basic/texmf-dist/tex/latex/geometry/geometry.sty
Package: geometry 2020/01/02 v5.9 Page Geometry

(/usr/local/texlive/2026basic/texmf-dist/tex/latex/graphics/keyval.sty
Package: keyval 2022/05/29 v1.15 key=value parser (DPC)
\KV@toks@=\toks17
)
(/usr/local/texlive/2026basic/texmf-dist/tex/generic/iftex/ifvtex.sty
Package: ifvtex 2019/10/25 v1.7 ifvtex legacy package. Use iftex instead.

(/usr/local/texlive/2026basic/texmf-dist/tex/generic/iftex/iftex.sty
Package: iftex 2024/12/12 v1.0g TeX engine tests
))
\Gm@cnth=\count283
\Gm@cntv=\count284
\c@Gm@tempcnt=\count285
\Gm@bindingoffset=\dimen150
\Gm@wd@mp=\dimen151
\Gm@odd@mp=\dimen152
\Gm@even@mp=\dimen153
\Gm@layoutwidth=\dimen154
\Gm@layoutheight=\dimen155
\Gm@layouthoffset=\dimen156
\Gm@layoutvoffset=\dimen157
\Gm@dimlist=\toks18
)
(/usr/local/texlive/2026basic/texmf-dist/tex/latex/amsmath/amsmath.sty
Package: amsmath 2025/07/09 v2.17z AMS math features
\@mathmargin=\skip51

For additional information on amsmath, use the `?' option.
(/usr/local/texlive/2026basic/texmf-dist/tex/latex/amsmath/amstext.sty
Package: amstext 2024/11/17 v2.01 AMS text

(/usr/local/texlive/2026basic/texmf-dist/tex/latex/amsmath/amsgen.sty
File: amsgen.sty 1999/11/30 v2.0 generic functions
\@emptytoks=\toks19
\ex@=\dimen158
))
(/usr/local/texlive/2026basic/texmf-dist/tex/latex/amsmath/amsbsy.sty
Package: amsbsy 1999/11/29 v1.2d Bold Symbols
\pmbraise@=\dimen159
)
(/usr/local/texlive/2026basic/texmf-dist/tex/latex/amsmath/amsopn.sty
Package: amsopn 2022/04/08 v2.04 operator names
)
\inf@bad=\count286
LaTeX Info: Redefining \frac on input line 233.
\uproot@=\count287
\leftroot@=\count288
LaTeX Info: Redefining \overline on input line 398.
LaTeX Info: Redefining \colon on input line 409.
\classnum@=\count289
\DOTSCASE@=\count290
LaTeX Info: Redefining \ldots on input line 495.
LaTeX Info: Redefining \dots on input line 498.
LaTeX Info: Redefining \cdots on input line 619.
\Mathstrutbox@=\box53
\strutbox@=\box54
LaTeX Info: Redefining \big on input line 721.
LaTeX Info: Redefining \Big on input line 722.
LaTeX Info: Redefining \bigg on input line 723.
LaTeX Info: Redefining \Bigg on input line 724.
\big@size=\dimen160
LaTeX Font Info:    Redeclaring font encoding OML on input line 742.
LaTeX Font Info:    Redeclaring font encoding OMS on input line 743.
\macc@depth=\count291
LaTeX Info: Redefining \bmod on input line 904.
LaTeX Info: Redefining \pmod on input line 909.
LaTeX Info: Redefining \smash on input line 939.
LaTeX Info: Redefining \relbar on input line 969.
LaTeX Info: Redefining \Relbar on input line 970.
\c@MaxMatrixCols=\count292
\dotsspace@=\muskip17
\c@parentequation=\count293
\dspbrk@lvl=\count294
\tag@help=\toks20
\row@=\count295
\column@=\count296
\maxfields@=\count297
\andhelp@=\toks21
\eqnshift@=\dimen161
\alignsep@=\dimen162
\tagshift@=\dimen163
\tagwidth@=\dimen164
\totwidth@=\dimen165
\lineht@=\dimen166
\@envbody=\toks22
\multlinegap=\skip52
\multlinetaggap=\skip53
\mathdisplay@stack=\toks23
LaTeX Info: Redefining \[ on input line 2950.
LaTeX Info: Redefining \] on input line 2951.
)
(/usr/local/texlive/2026basic/texmf-dist/tex/latex/amsfonts/amssymb.sty
Package: amssymb 2013/01/14 v3.01 AMS font symbols

(/usr/local/texlive/2026basic/texmf-dist/tex/latex/amsfonts/amsfonts.sty
Package: amsfonts 2013/01/14 v3.01 Basic AMSFonts support
\symAMSa=\mathgroup4
\symAMSb=\mathgroup5
LaTeX Font Info:    Redeclaring math symbol \hbar on input line 98.
LaTeX Font Info:    Overwriting math alphabet `\mathfrak' in version `bold'
(Font)                  U/euf/m/n --> U/euf/b/n on input line 106.
))
(/usr/local/texlive/2026basic/texmf-dist/tex/latex/amscls/amsthm.sty
Package: amsthm 2020/05/29 v2.20.6
\thm@style=\toks24
\thm@bodyfont=\toks25
\thm@headfont=\toks26
\thm@notefont=\toks27
\thm@headpunct=\toks28
\thm@preskip=\skip54
\thm@postskip=\skip55
\thm@headsep=\skip56
\dth@everypar=\toks29
)
(/usr/local/texlive/2026basic/texmf-dist/tex/latex/mathtools/mathtools.sty
Package: mathtools 2024/10/04 v1.31 mathematical typesetting tools

(/usr/local/texlive/2026basic/texmf-dist/tex/latex/tools/calc.sty
Package: calc 2025/03/01 v4.3b Infix arithmetic (KKT,FJ)
\calc@Acount=\count298
\calc@Bcount=\count299
\calc@Adimen=\dimen167
\calc@Bdimen=\dimen168
\calc@Askip=\skip57
\calc@Bskip=\skip58
LaTeX Info: Redefining \setlength on input line 86.
LaTeX Info: Redefining \addtolength on input line 87.
\calc@Ccount=\count300
\calc@Cskip=\skip59
)
(/usr/local/texlive/2026basic/texmf-dist/tex/latex/mathtools/mhsetup.sty
Package: mhsetup 2021/03/18 v1.4 programming setup (MH)
)
\g_MT_multlinerow_int=\count301
\l_MT_multwidth_dim=\dimen169
\origjot=\skip60
\l_MT_shortvdotswithinadjustabove_dim=\dimen170
\l_MT_shortvdotswithinadjustbelow_dim=\dimen171
\l_MT_above_intertext_sep=\dimen172
\l_MT_below_intertext_sep=\dimen173
\l_MT_above_shortintertext_sep=\dimen174
\l_MT_below_shortintertext_sep=\dimen175
\xmathstrut@box=\box55
\xmathstrut@dim=\dimen176
)
(/usr/local/texlive/2026basic/texmf-dist/tex/latex/tools/bm.sty
Package: bm 2025/10/21 v1.2g Bold Symbol Support (DPC/FMi)
\symboldoperators=\mathgroup6
\symboldletters=\mathgroup7
\symboldsymbols=\mathgroup8
Package bm Info: No bold for \OMX/cmex/m/n, using \pmb.
Package bm Info: No bold for \U/msa/m/n, using \pmb.
Package bm Info: No bold for \U/msb/m/n, using \pmb.
LaTeX Font Info:    Redeclaring math alphabet \mathbf on input line 149.
)
(/usr/local/texlive/2026basic/texmf-dist/tex/latex/booktabs/booktabs.sty
Package: booktabs 2020/01/12 v1.61803398 Publication quality tables
\heavyrulewidth=\dimen177
\lightrulewidth=\dimen178
\cmidrulewidth=\dimen179
\belowrulesep=\dimen180
\belowbottomsep=\dimen181
\aboverulesep=\dimen182
\abovetopsep=\dimen183
\cmidrulesep=\dimen184
\cmidrulekern=\dimen185
\defaultaddspace=\dimen186
\@cmidla=\count302
\@cmidlb=\count303
\@aboverulesep=\dimen187
\@belowrulesep=\dimen188
\@thisruleclass=\count304
\@lastruleclass=\count305
\@thisrulewidth=\dimen189
)
(/usr/local/texlive/2026basic/texmf-dist/tex/latex/tools/array.sty
Package: array 2025/09/25 v2.6n Tabular extension package (FMi)
\col@sep=\dimen190
\ar@mcellbox=\box56
\extrarowheight=\dimen191
\NC@list=\toks30
\extratabsurround=\skip61
\backup@length=\skip62
\ar@cellbox=\box57
)
(/usr/local/texlive/2026basic/texmf-dist/tex/latex/tools/tabularx.sty
Package: tabularx 2023/12/11 v2.12a `tabularx' package (DPC)
\TX@col@width=\dimen192
\TX@old@table=\dimen193
\TX@old@col=\dimen194
\TX@target=\dimen195
\TX@delta=\dimen196
\TX@cols=\count306
\TX@ftn=\toks31
)
(/Users/andersbekkevard/Library/texmf/tex/latex/multirow/multirow.sty
Package: multirow 2024/11/12 v2.9 Span multiple rows of a table
\multirow@colwidth=\skip63
\multirow@cntb=\count307
\multirow@dima=\skip64
\bigstrutjot=\dimen197
)
(/Users/andersbekkevard/Library/texmf/tex/latex/makecell/makecell.sty
Package: makecell 2009/08/03 V0.1e Managing of Tab Column Heads and Cells
\rotheadsize=\dimen198
\c@nlinenum=\count308
\TeXr@lab=\toks32
)
(/usr/local/texlive/2026basic/texmf-dist/tex/latex/base/fontenc.sty
Package: fontenc 2025/07/18 v2.1d Standard LaTeX package
)
(/usr/local/texlive/2026basic/texmf-dist/tex/latex/lm/lmodern.sty
Package: lmodern 2015/05/01 v1.6.1 Latin Modern Fonts
LaTeX Font Info:    Overwriting symbol font `operators' in version `normal'
(Font)                  OT1/cmr/m/n --> OT1/lmr/m/n on input line 22.
LaTeX Font Info:    Overwriting symbol font `letters' in version `normal'
(Font)                  OML/cmm/m/it --> OML/lmm/m/it on input line 23.
LaTeX Font Info:    Overwriting symbol font `symbols' in version `normal'
(Font)                  OMS/cmsy/m/n --> OMS/lmsy/m/n on input line 24.
LaTeX Font Info:    Overwriting symbol font `largesymbols' in version `normal'
(Font)                  OMX/cmex/m/n --> OMX/lmex/m/n on input line 25.
LaTeX Font Info:    Overwriting symbol font `operators' in version `bold'
(Font)                  OT1/cmr/bx/n --> OT1/lmr/bx/n on input line 26.
LaTeX Font Info:    Overwriting symbol font `letters' in version `bold'
(Font)                  OML/cmm/b/it --> OML/lmm/b/it on input line 27.
LaTeX Font Info:    Overwriting symbol font `symbols' in version `bold'
(Font)                  OMS/cmsy/b/n --> OMS/lmsy/b/n on input line 28.
LaTeX Font Info:    Overwriting symbol font `largesymbols' in version `bold'
(Font)                  OMX/cmex/m/n --> OMX/lmex/m/n on input line 29.
LaTeX Font Info:    Overwriting math alphabet `\mathbf' in version `normal'
(Font)                  OT1/cmr/bx/n --> OT1/lmr/bx/n on input line 31.
LaTeX Font Info:    Overwriting math alphabet `\mathsf' in version `normal'
(Font)                  OT1/cmss/m/n --> OT1/lmss/m/n on input line 32.
LaTeX Font Info:    Overwriting math alphabet `\mathit' in version `normal'
(Font)                  OT1/cmr/m/it --> OT1/lmr/m/it on input line 33.
LaTeX Font Info:    Overwriting math alphabet `\mathtt' in version `normal'
(Font)                  OT1/cmtt/m/n --> OT1/lmtt/m/n on input line 34.
LaTeX Font Info:    Overwriting math alphabet `\mathbf' in version `bold'
(Font)                  OT1/cmr/bx/n --> OT1/lmr/bx/n on input line 35.
LaTeX Font Info:    Overwriting math alphabet `\mathsf' in version `bold'
(Font)                  OT1/cmss/bx/n --> OT1/lmss/bx/n on input line 36.
LaTeX Font Info:    Overwriting math alphabet `\mathit' in version `bold'
(Font)                  OT1/cmr/bx/it --> OT1/lmr/bx/it on input line 37.
LaTeX Font Info:    Overwriting math alphabet `\mathtt' in version `bold'
(Font)                  OT1/cmtt/m/n --> OT1/lmtt/m/n on input line 38.
)
(/usr/local/texlive/2026basic/texmf-dist/tex/latex/microtype/microtype.sty
Package: microtype 2026/03/01 v3.2d Micro-typographical refinements (RS)

(/Users/andersbekkevard/Library/texmf/tex/latex/etoolbox/etoolbox.sty
Package: etoolbox 2025/10/02 v2.5m e-TeX tools for LaTeX (JAW)
\etb@tempcnta=\count309
)
\MT@toks=\toks33
\MT@tempbox=\box58
\MT@count=\count310
LaTeX Info: Redefining \noprotrusionifhmode on input line 1084.
LaTeX Info: Redefining \leftprotrusion on input line 1085.
\MT@prot@toks=\toks34
LaTeX Info: Redefining \rightprotrusion on input line 1104.
LaTeX Info: Redefining \textls on input line 1449.
\MT@outer@kern=\dimen199
LaTeX Info: Redefining \microtypecontext on input line 2053.
LaTeX Info: Redefining \textmicrotypecontext on input line 2070.
\MT@listname@count=\count311

(/usr/local/texlive/2026basic/texmf-dist/tex/latex/microtype/microtype-pdftex.d
ef
File: microtype-pdftex.def 2026/03/01 v3.2d Definitions specific to pdftex (RS)

LaTeX Info: Redefining \lsstyle on input line 944.
LaTeX Info: Redefining \lslig on input line 944.
\MT@outer@space=\skip65
)
Package microtype Info: Loading configuration file microtype.cfg.
 (/usr/local/texlive/2026basic/texmf-dist/tex/latex/microtype/microtype.cfg
File: microtype.cfg 2026/03/01 v3.2d microtype main configuration file (RS)
)
LaTeX Info: Redefining \microtypesetup on input line 3065.
) (/usr/local/texlive/2026basic/texmf-dist/tex/latex/parskip/parskip.sty
Package: parskip 2021-03-14 v2.0h non-zero parskip adjustments

(/usr/local/texlive/2026basic/texmf-dist/tex/latex/kvoptions/kvoptions.sty
Package: kvoptions 2022-06-15 v3.15 Key value format for package options (HO)

(/usr/local/texlive/2026basic/texmf-dist/tex/generic/ltxcmds/ltxcmds.sty
Package: ltxcmds 2023-12-04 v1.26 LaTeX kernel commands for general use (HO)
)
(/usr/local/texlive/2026basic/texmf-dist/tex/latex/kvsetkeys/kvsetkeys.sty
Package: kvsetkeys 2022-10-05 v1.19 Key value parser (HO)
)))
(/Users/andersbekkevard/Library/texmf/tex/latex/enumitem/enumitem.sty
Package: enumitem 2025/02/06 v3.11 Customized lists
\labelindent=\skip66
\enit@outerparindent=\dimen256
\enit@toks=\toks35
\enit@inbox=\box59
\enit@count@id=\count312
\enitdp@description=\count313
)
(/Users/andersbekkevard/Library/texmf/tex/latex/algorithms/algorithm.sty
Package: algorithm 2009/08/24 v0.1 Document Style `algorithm' - floating enviro
nment

(/usr/local/texlive/2026basic/texmf-dist/tex/latex/float/float.sty
Package: float 2001/11/08 v1.3d Float enhancements (AL)
\c@float@type=\count314
\float@exts=\toks36
\float@box=\box60
\@float@everytoks=\toks37
\@floatcapt=\box61
)
(/usr/local/texlive/2026basic/texmf-dist/tex/latex/base/ifthen.sty
Package: ifthen 2024/03/16 v1.1e Standard LaTeX ifthen package (DPC)
)
\@float@every@algorithm=\toks38
\c@algorithm=\count315
)
(/Users/andersbekkevard/Library/texmf/tex/latex/algorithmicx/algpseudocode.sty
Package: algpseudocode 

(/Users/andersbekkevard/Library/texmf/tex/latex/algorithmicx/algorithmicx.sty
Package: algorithmicx 2005/04/27 v1.2 Algorithmicx

Document Style algorithmicx 1.2 - a greatly improved `algorithmic' style
\c@ALG@line=\count316
\c@ALG@rem=\count317
\c@ALG@nested=\count318
\ALG@tlm=\skip67
\ALG@thistlm=\skip68
\c@ALG@Lnr=\count319
\c@ALG@blocknr=\count320
\c@ALG@storecount=\count321
\c@ALG@tmpcounter=\count322
\ALG@tmplength=\skip69
)
Document Style - pseudocode environments for use with the `algorithmicx' style
) (/usr/local/texlive/2026basic/texmf-dist/tex/latex/listings/listings.sty
\lst@mode=\count323
\lst@gtempboxa=\box62
\lst@token=\toks39
\lst@length=\count324
\lst@currlwidth=\dimen257
\lst@column=\count325
\lst@pos=\count326
\lst@lostspace=\dimen258
\lst@width=\dimen259
\lst@newlines=\count327
\lst@lineno=\count328
\lst@maxwidth=\dimen260

(/usr/local/texlive/2026basic/texmf-dist/tex/latex/listings/lstpatch.sty
File: lstpatch.sty 2025/11/14 1.11b (Carsten Heinz)
)
(/usr/local/texlive/2026basic/texmf-dist/tex/latex/listings/lstmisc.sty
File: lstmisc.sty 2025/11/14 1.11b (Carsten Heinz)
\c@lstnumber=\count329
\lst@skipnumbers=\count330
\lst@framebox=\box63
)
(/usr/local/texlive/2026basic/texmf-dist/tex/latex/listings/listings.cfg
File: listings.cfg 2025/11/14 1.11b listings configuration
))
Package: listings 2025/11/14 1.11b (Carsten Heinz)

==> First Aid for listings.sty no longer applied!
    Expected:
        2024/09/23 1.10c (Carsten Heinz)
    but found:
        2025/11/14 1.11b (Carsten Heinz)
    so I'm assuming it got fixed.
(/Users/andersbekkevard/Library/texmf/tex/latex/titlesec/titlesec.sty
Package: titlesec 2025/01/04 v2.17 Sectioning titles
\ttl@box=\box64
\beforetitleunit=\skip70
\aftertitleunit=\skip71
\ttl@plus=\dimen261
\ttl@minus=\dimen262
\ttl@toksa=\toks40
\titlewidth=\dimen263
\titlewidthlast=\dimen264
\titlewidthfirst=\dimen265
)
LaTeX Font Info:    Trying to load font information for T1+lmr on input line 52
.

(/usr/local/texlive/2026basic/texmf-dist/tex/latex/lm/t1lmr.fd
File: t1lmr.fd 2015/05/01 v1.6.1 Font defs for Latin Modern
)
(/usr/local/texlive/2026basic/texmf-dist/tex/latex/l3backend/l3backend-pdftex.d
ef
File: l3backend-pdftex.def 2025-10-09 L3 backend support: PDF output (pdfTeX)
\l__color_backend_stack_int=\count331
) (./master.aux)
\openout1 = `master.aux'.

LaTeX Font Info:    Checking defaults for OML/cmm/m/it on input line 52.
LaTeX Font Info:    ... okay on input line 52.
LaTeX Font Info:    Checking defaults for OMS/cmsy/m/n on input line 52.
LaTeX Font Info:    ... okay on input line 52.
LaTeX Font Info:    Checking defaults for OT1/cmr/m/n on input line 52.
LaTeX Font Info:    ... okay on input line 52.
LaTeX Font Info:    Checking defaults for T1/cmr/m/n on input line 52.
LaTeX Font Info:    ... okay on input line 52.
LaTeX Font Info:    Checking defaults for TS1/cmr/m/n on input line 52.
LaTeX Font Info:    ... okay on input line 52.
LaTeX Font Info:    Checking defaults for OMX/cmex/m/n on input line 52.
LaTeX Font Info:    ... okay on input line 52.
LaTeX Font Info:    Checking defaults for U/cmr/m/n on input line 52.
LaTeX Font Info:    ... okay on input line 52.

*geometry* driver: auto-detecting
*geometry* detected driver: pdftex
*geometry* verbose mode - [ preamble ] result:
* driver: pdftex
* paper: a4paper
* layout: <same size as paper>
* layoutoffset:(h,v)=(0.0pt,0.0pt)
* modes: 
* h-part:(L,W,R)=(28.45274pt, 540.60239pt, 28.45274pt)
* v-part:(T,H,B)=(28.45274pt, 788.14136pt, 28.45274pt)
* \paperwidth=597.50787pt
* \paperheight=845.04684pt
* \textwidth=540.60239pt
* \textheight=788.14136pt
* \oddsidemargin=-43.81725pt
* \evensidemargin=-43.81725pt
* \topmargin=-80.81725pt
* \headheight=12.0pt
* \headsep=25.0pt
* \topskip=9.0pt
* \footskip=30.0pt
* \marginparwidth=4.0pt
* \marginparsep=10.0pt
* \columnsep=17.07164pt
* \skip\footins=8.0pt plus 4.0pt minus 2.0pt
* \hoffset=0.0pt
* \voffset=0.0pt
* \mag=1000
* \@twocolumntrue
* \@twosidefalse
* \@mparswitchfalse
* \@reversemarginfalse
* (1in=72.27pt=25.4mm, 1cm=28.453pt)

(/usr/local/texlive/2026basic/texmf-dist/tex/latex/graphics/graphicx.sty
Package: graphicx 2024/12/31 v1.2e Enhanced LaTeX Graphics (DPC,SPQR)

(/usr/local/texlive/2026basic/texmf-dist/tex/latex/graphics/graphics.sty
Package: graphics 2024/08/06 v1.4g Standard LaTeX Graphics (DPC,SPQR)

(/usr/local/texlive/2026basic/texmf-dist/tex/latex/graphics/trig.sty
Package: trig 2023/12/02 v1.11 sin cos tan (DPC)
)
(/usr/local/texlive/2026basic/texmf-dist/tex/latex/graphics-cfg/graphics.cfg
File: graphics.cfg 2016/06/04 v1.11 sample graphics configuration
)
Package graphics Info: Driver file: pdftex.def on input line 106.

(/usr/local/texlive/2026basic/texmf-dist/tex/latex/graphics-def/pdftex.def
File: pdftex.def 2025/09/29 v1.2d Graphics/color driver for pdftex

(/usr/local/texlive/2026basic/texmf-dist/tex/context/base/mkii/supp-pdf.mkii
[Loading MPS to PDF converter (version 2006.09.02).]
\scratchcounter=\count332
\scratchdimen=\dimen266
\scratchbox=\box65
\nofMPsegments=\count333
\nofMParguments=\count334
\everyMPshowfont=\toks41
\MPscratchCnt=\count335
\MPscratchDim=\dimen267
\MPnumerator=\count336
\makeMPintoPDFobject=\count337
\everyMPtoPDFconversion=\toks42
)))
(/usr/local/texlive/2026basic/texmf-dist/tex/latex/epstopdf-pkg/epstopdf-base.s
ty
Package: epstopdf-base 2020-01-24 v2.11 Base part for package epstopdf
Package epstopdf-base Info: Redefining graphics rule for `.eps' on input line 4
85.

(/usr/local/texlive/2026basic/texmf-dist/tex/latex/latexconfig/epstopdf-sys.cfg
File: epstopdf-sys.cfg 2010/07/13 v1.3 Configuration of (r)epstopdf for TeX Liv
e
))
\Gin@req@height=\dimen268
\Gin@req@width=\dimen269
)
LaTeX Info: Redefining \microtypecontext on input line 52.
Package microtype Info: Applying patch `item' on input line 52.
Package microtype Info: Applying patch `toc' on input line 52.
Package microtype Info: Applying patch `eqnum' on input line 52.
Package microtype Info: Applying patch `footnote' on input line 52.
Package microtype Info: Applying patch `verbatim' on input line 52.
LaTeX Info: Redefining \microtypesetup on input line 52.
Package microtype Info: Generating PDF output.
Package microtype Info: Character protrusion enabled (level 2).
Package microtype Info: Using default protrusion set `alltext'.
Package microtype Info: Automatic font expansion enabled (level 2),
(microtype)             stretch: 20, shrink: 20, step: 1, non-selected.
Package microtype Info: Using default expansion set `alltext-nott'.
Package microtype Info: Patching command `\showhyphens'.
Package microtype Info: No adjustment of tracking.
Package microtype Info: No adjustment of interword spacing.
Package microtype Info: No adjustment of character kerning.
 (/usr/local/texlive/2026basic/texmf-dist/tex/latex/microtype/mt-cmr.cfg
File: mt-cmr.cfg 2013/05/19 v2.2 microtype config. file: Computer Modern Roman 
(RS)
)
\c@lstlisting=\count338

(./parts/01-boosting.tex
LaTeX Font Info:    Trying to load font information for OT1+lmr on input line 6
.

(/usr/local/texlive/2026basic/texmf-dist/tex/latex/lm/ot1lmr.fd
File: ot1lmr.fd 2015/05/01 v1.6.1 Font defs for Latin Modern
)
LaTeX Font Info:    Trying to load font information for OML+lmm on input line 6
.

(/usr/local/texlive/2026basic/texmf-dist/tex/latex/lm/omllmm.fd
File: omllmm.fd 2015/05/01 v1.6.1 Font defs for Latin Modern
)
LaTeX Font Info:    Trying to load font information for OMS+lmsy on input line 
6.

(/usr/local/texlive/2026basic/texmf-dist/tex/latex/lm/omslmsy.fd
File: omslmsy.fd 2015/05/01 v1.6.1 Font defs for Latin Modern
)
LaTeX Font Info:    Trying to load font information for OMX+lmex on input line 
6.

(/usr/local/texlive/2026basic/texmf-dist/tex/latex/lm/omxlmex.fd
File: omxlmex.fd 2015/05/01 v1.6.1 Font defs for Latin Modern
)
LaTeX Font Info:    External font `lmex10' loaded for size
(Font)              <7> on input line 6.
LaTeX Font Info:    External font `lmex10' loaded for size
(Font)              <5> on input line 6.
LaTeX Font Info:    Trying to load font information for U+msa on input line 6.

(/usr/local/texlive/2026basic/texmf-dist/tex/latex/amsfonts/umsa.fd
File: umsa.fd 2013/01/14 v3.01 AMS symbols A
)
(/usr/local/texlive/2026basic/texmf-dist/tex/latex/microtype/mt-msa.cfg
File: mt-msa.cfg 2006/02/04 v1.1 microtype config. file: AMS symbols (a) (RS)
)
LaTeX Font Info:    Trying to load font information for U+msb on input line 6.

(/usr/local/texlive/2026basic/texmf-dist/tex/latex/amsfonts/umsb.fd
File: umsb.fd 2013/01/14 v3.01 AMS symbols B
)
(/usr/local/texlive/2026basic/texmf-dist/tex/latex/microtype/mt-msb.cfg
File: mt-msb.cfg 2005/06/01 v1.0 microtype config. file: AMS symbols (b) (RS)
)
Overfull \hbox (26.29471pt too wide) in paragraph at lines 11--20
[][] 
 []

LaTeX Font Info:    External font `lmex10' loaded for size
(Font)              <9> on input line 28.
LaTeX Font Info:    External font `lmex10' loaded for size
(Font)              <6> on input line 28.

Underfull \hbox (badness 10000) in paragraph at lines 61--61
|[]\T1/lmr/bx/n/8 (+20) Forward-stagewise ad-di-tive mod-elling (boost-ing
 []

LaTeX Font Info:    Trying to load font information for T1+lmtt on input line 7
5.
(/usr/local/texlive/2026basic/texmf-dist/tex/latex/lm/t1lmtt.fd
File: t1lmtt.fd 2015/05/01 v1.6.1 Font defs for Latin Modern
)
Package microtype Info: Loading generic protrusion settings for font family
(microtype)             `lmtt' (encoding: T1).
(microtype)             For optimal results, create family-specific settings.
(microtype)             See the microtype manual for details.

Underfull \hbox (badness 1571) in paragraph at lines 72--76
\T1/lmr/m/n/7 (+20) Update via line-search step $\OML/lmm/m/it/7 ^^Z[] \OT1/lmr
/m/n/7 (+20) = [] [][] \OML/lmm/m/it/7 L\OT1/lmr/m/n/7 (+20) (\OT1/lmr/bx/n/7 (
+20) f[] \OMS/lmsy/m/n/7 ^^@ \OML/lmm/m/it/7 ^^Z\OT1/lmr/bx/n/7 (+20) g[]\OT1/l
mr/m/n/7 (+20) )$\T1/lmr/m/n/7 (+20) , then
 []


Underfull \hbox (badness 5217) in paragraph at lines 72--76
\OT1/lmr/bx/n/7 (+20) f[] \OT1/lmr/m/n/7 (+20) = \OT1/lmr/bx/n/7 (+20) f[] \OMS
/lmsy/m/n/7 ^^@ \OML/lmm/m/it/7 ^^Z[]\OT1/lmr/bx/n/7 (+20) g[]$\T1/lmr/m/n/7 (+
20) . (See ESL Fig. for steep-est de-scent;
 []


Overfull \hbox (30.0pt too wide) in paragraph at lines 116--118
[][] 
 []


Underfull \hbox (badness 10000) in paragraph at lines 125--126
[]\T1/lmr/m/n/9 (+20) (See ESL Fig. for ro-bust losses,
 []


Underfull \hbox (badness 2426) in paragraph at lines 153--153
[]|\T1/lmr/m/n/6 (+20) post-fit prun-ing; larger $\OML/lmm/m/it/6 ^^M \OMS/lmsy
/m/n/6 !$
 []


Overfull \hbox (30.0pt too wide) in paragraph at lines 153--155
[][] 
 []

LaTeX Font Info:    Trying to load font information for TS1+lmr on input line 1
64.
(/usr/local/texlive/2026basic/texmf-dist/tex/latex/lm/ts1lmr.fd
File: ts1lmr.fd 2015/05/01 v1.6.1 Font defs for Latin Modern
) [1

{/usr/local/texlive/2026basic/texmf-var/fonts/map/pdftex/updmap/pdftex.map}{/us
r/local/texlive/2026basic/texmf-dist/fonts/enc/dvips/lm/lm-ec.enc}{/usr/local/t
exlive/2026basic/texmf-dist/fonts/enc/dvips/lm/lm-mathit.enc}{/usr/local/texliv
e/2026basic/texmf-dist/fonts/enc/dvips/lm/lm-rm.enc}{/usr/local/texlive/2026bas
ic/texmf-dist/fonts/enc/dvips/lm/lm-mathex.enc}{/usr/local/texlive/2026basic/te
xmf-dist/fonts/enc/dvips/lm/lm-mathsy.enc}{/usr/local/texlive/2026basic/texmf-d
ist/fonts/enc/dvips/lm/lm-ts1.enc}]) (./parts/02-derivations.tex
LaTeX Font Info:    External font `lmex10' loaded for size
(Font)              <8> on input line 4.

Underfull \hbox (badness 1454) in paragraph at lines 28--29
[]\T1/lmr/bx/n/9 (+20) (b) Plug into $\OML/lmm/m/it/9 R[]$\T1/lmr/bx/n/9 (+20) 
. \T1/lmr/m/n/9 (+20) From ISLP eq. 3.17, $\OML/lmm/m/it/9 R[] \OT1/lmr/m/n/9 (
+20) = 1 \OMS/lmsy/m/n/9 ^^@
 []


Underfull \hbox (badness 10000) in paragraph at lines 113--114
[]|\T1/lmr/m/n/9 (+20) Expand (scalar $\OML/cmm/b/it/9 y[]X^^L \OT1/lmr/m/n/9 (
+20) =
 []


Underfull \hbox (badness 5622) in paragraph at lines 118--118
[]|$ [] \OT1/lmr/m/n/9 (+20) + \OML/lmm/m/it/9 n^^L[] \OT1/lmr/m/n/9 (+20) + 2\
OML/lmm/m/it/9 ^^L[]^^L[] [] x[] \OT1/lmr/m/n/9 (+20) +
 []


Underfull \hbox (badness 10000) in paragraph at lines 128--129
[]|\T1/lmr/m/n/9 (+20) If $\OML/cmm/b/it/9 X$ \T1/lmr/m/n/9 (+20) full col-umn 
rank:
 []


Overfull \hbox (31.53113pt too wide) in paragraph at lines 104--133
[][] 
 []

[2]) (./parts/03-vector-math.tex
Underfull \hbox (badness 3168) in paragraph at lines 62--62
|[]\T1/lmr/bx/n/8 (+20) Expectation, vari-ance, co-vari-ance for ran-dom vec-
 []

) (./parts/04a-misc-tables.tex [3]
Underfull \hbox (badness 1033) in paragraph at lines 17--17
|[]\T1/lmr/bx/n/8 (+20) Table 1 --- Hy-per-pa-ram-e-ters & bias--variance di-re
c-
 []

[4

] [5

]
Overfull \hbox (30.0pt too wide) in paragraph at lines 205--206
[][] 
 []

) (./parts/04b-misc-notes.tex
Overfull \hbox (30.0pt too wide) in paragraph at lines 40--41
[][] 
 []


Underfull \hbox (badness 10000) in paragraph at lines 78--78
[]|\T1/lmr/m/n/6 (+20) Truncated-power:
 []


Underfull \hbox (badness 10000) in paragraph at lines 78--78
[]|\T1/lmr/m/n/6 (+20) Two boundary-linearity con-
 []


Overfull \hbox (30.0pt too wide) in paragraph at lines 78--79
[][] 
 []


Underfull \hbox (badness 10000) in paragraph at lines 126--126
[]|\T1/lmr/m/n/6 (+20) Scale/shift-equivariant;
 []


Underfull \hbox (badness 10000) in paragraph at lines 126--126
[]|\T1/lmr/m/n/6 (+20) Both penal-ties scale-
 []


Underfull \hbox (badness 10000) in paragraph at lines 126--126
[]|\T1/lmr/m/n/6 (+20) Scale-equivariant in $\OML/cmm/b/it/6 ^^L$\T1/lmr/m/n/6 
(+20) ;
 []


Underfull \hbox (badness 10000) in paragraph at lines 126--126
\T1/lmr/m/n/6 (+20) std. only for nu-mer-
 []


Underfull \hbox (badness 2213) in paragraph at lines 126--126
[]|\T1/lmr/m/n/6 (+20) Per-coord 1-D den-si-ties;
 []


Underfull \hbox (badness 10000) in paragraph at lines 126--126
[]|\T1/lmr/m/n/6 (+20) Chases to-tal vari-ance;
 []


Underfull \hbox (badness 10000) in paragraph at lines 126--126
\T1/lmr/m/n/6 (+20) cen-ter-ing needed so
 []


Underfull \hbox (badness 6032) in paragraph at lines 126--126
[]|\T1/lmr/m/n/6 (+20) Same; uses $[]\OT1/lmr/m/n/6 (+20) (\OML/lmm/m/it/6 X; Y
\OT1/lmr/m/n/6 (+20) )$\T1/lmr/m/n/6 (+20) ,
 []


Underfull \hbox (badness 10000) in paragraph at lines 126--126
[]|\T1/lmr/m/n/6 (+20) Splits com-pare val-ues
 []


Underfull \hbox (badness 10000) in paragraph at lines 126--126
\T1/lmr/m/n/6 (+20) within one vari-able;
 []


Underfull \hbox (badness 10000) in paragraph at lines 126--126
[]|\T1/lmr/m/n/6 (+20) Trees are monotone-
 []


Underfull \hbox (badness 10000) in paragraph at lines 126--126
[]|\T1/lmr/m/n/6 (+20) Same; XG-
 []


Underfull \hbox (badness 10000) in paragraph at lines 126--126
\T1/lmr/m/n/6 (+20) Boost/LightGBM don't
 []


Underfull \hbox (badness 10000) in paragraph at lines 126--126
[]|\T1/lmr/m/n/6 (+20) Euclidean dis-tance;
 []


Underfull \hbox (badness 10000) in paragraph at lines 126--126
[]|\T1/lmr/m/n/6 (+20) Same Eu-clidean/linkage
 []


Underfull \hbox (badness 4013) in paragraph at lines 126--126
[]|\T1/lmr/m/n/6 (+20) Each $\OML/lmm/m/it/6 f[]$ \T1/lmr/m/n/6 (+20) fit sep-a
-rately;
 []


Overfull \hbox (30.0pt too wide) in paragraph at lines 126--127
[][] 
 []

) (./parts/05-prewritten.tex) (./parts/06-book-lookups.tex
Underfull \hbox (badness 10000) in paragraph at lines 10--10
\T1/lmr/m/n/7 (+20) (concrete in
 []

) (./parts/07-statsbook.tex
Underfull \hbox (badness 10000) in paragraph at lines 4--1
[][]
 []


Underfull \hbox (badness 10000) in paragraph at lines 4--1

 []

[6

]) [7

] (./master.aux)
 ***********
LaTeX2e <2025-11-01>
L3 programming layer <2026-01-19>
 ***********
 ) 
Here is how much of TeX's memory you used:
 10555 strings out of 469006
 167030 string characters out of 5454813
 655090 words of memory out of 5000000
 38792 multiletter control sequences out of 15000+600000
 719689 words of font info for 221 fonts, out of 8000000 for 9000
 319 hyphenation exceptions out of 8191
 63i,18n,70p,1195b,363s stack positions out of 10000i,1000n,20000p,200000b,200000s
</usr/local/texlive/2026basic/texmf-dist/fonts/type1/public/amsfonts/cm/cmbx9
.pfb></usr/local/texlive/2026basic/texmf-dist/fonts/type1/public/amsfonts/cmext
ra/cmmib6.pfb></usr/local/texlive/2026basic/texmf-dist/fonts/type1/public/amsfo
nts/cmextra/cmmib7.pfb></usr/local/texlive/2026basic/texmf-dist/fonts/type1/pub
lic/amsfonts/cmextra/cmmib9.pfb></usr/local/texlive/2026basic/texmf-dist/fonts/
type1/public/lm/lmbx6.pfb></usr/local/texlive/2026basic/texmf-dist/fonts/type1/
public/lm/lmbx7.pfb></usr/local/texlive/2026basic/texmf-dist/fonts/type1/public
/lm/lmbx8.pfb></usr/local/texlive/2026basic/texmf-dist/fonts/type1/public/lm/lm
bx9.pfb></usr/local/texlive/2026basic/texmf-dist/fonts/type1/public/lm/lmex10.p
fb></usr/local/texlive/2026basic/texmf-dist/fonts/type1/public/lm/lmmi5.pfb></u
sr/local/texlive/2026basic/texmf-dist/fonts/type1/public/lm/lmmi6.pfb></usr/loc
al/texlive/2026basic/texmf-dist/fonts/type1/public/lm/lmmi7.pfb></usr/local/tex
live/2026basic/texmf-dist/fonts/type1/public/lm/lmmi8.pfb></usr/local/texlive/2
026basic/texmf-dist/fonts/type1/public/lm/lmmi9.pfb></usr/local/texlive/2026bas
ic/texmf-dist/fonts/type1/public/lm/lmr5.pfb></usr/local/texlive/2026basic/texm
f-dist/fonts/type1/public/lm/lmr6.pfb></usr/local/texlive/2026basic/texmf-dist/
fonts/type1/public/lm/lmr7.pfb></usr/local/texlive/2026basic/texmf-dist/fonts/t
ype1/public/lm/lmr8.pfb></usr/local/texlive/2026basic/texmf-dist/fonts/type1/pu
blic/lm/lmr9.pfb></usr/local/texlive/2026basic/texmf-dist/fonts/type1/public/lm
/lmri7.pfb></usr/local/texlive/2026basic/texmf-dist/fonts/type1/public/lm/lmri9
.pfb></usr/local/texlive/2026basic/texmf-dist/fonts/type1/public/lm/lmsy5.pfb><
/usr/local/texlive/2026basic/texmf-dist/fonts/type1/public/lm/lmsy6.pfb></usr/l
ocal/texlive/2026basic/texmf-dist/fonts/type1/public/lm/lmsy7.pfb></usr/local/t
exlive/2026basic/texmf-dist/fonts/type1/public/lm/lmsy9.pfb></usr/local/texlive
/2026basic/texmf-dist/fonts/type1/public/lm/lmtt8.pfb></usr/local/texlive/2026b
asic/texmf-dist/fonts/type1/public/lm/lmtt9.pfb></usr/local/texlive/2026basic/t
exmf-dist/fonts/type1/public/amsfonts/symbols/msam10.pfb></usr/local/texlive/20
26basic/texmf-dist/fonts/type1/public/amsfonts/symbols/msbm10.pfb></usr/local/t
exlive/2026basic/texmf-dist/fonts/type1/public/amsfonts/symbols/msbm7.pfb>
Output written on master.pdf (7 pages, 558875 bytes).
PDF statistics:
 209 PDF objects out of 1000 (max. 8388607)
 130 compressed objects within 2 object streams
 0 named destinations out of 1000 (max. 500000)
 50689 words of extra memory for PDF output out of 51595 (max. 10000000)

